    Finished `test` profile [unoptimized + debuginfo] target(s) in 1.33s
     Running tests/crosslingual.rs (/private/tmp/pamin-doc-target/debug/deps/crosslingual-cafa4f54f24a019a)

running 1 test
  benchmark code commit: 4d7c4f6a198bf687ba0e2128c8a8d1f05e3f4e3b
  reranker device: cpu; export: onnx/model_int8.onnx
  index passage: named
  indexed documents: 13014
test search_reaches_across_languages has been running for over 60 seconds

  the shipped search path, accuracy
  group            queries   nDCG@10   recall@50   below rank 10   queries with any
  ---------------------------------------------------------------------------------
  cross_lingual       1190    0.7268      0.9032            2346                787
  same_language       1190    0.8682      0.9647              52                 52
  1536 ms per query

  accurate: 30.0 candidates a query reached the model of 30.0 offered, 192 characters each, longest 1351, cache 0.1% of 35700 lookups
  actual rerank work: 2711586 tokens, 2862622 padded tokens, 9722 batches; encoding 26.9 ms/query, padding + inference 1460.6 ms/query
  reranking is worth +0.0895  754W/190L/246T  p=0.0001 cross-lingual nDCG@10
  and +0.0244  120W/50L/1020T  p=0.0001 same-language

test search_reaches_across_languages ... ok

test result: ok. 1 passed; 0 failed; 0 ignored; 0 measured; 35 filtered out; finished in 1868.05s
